
> adam-james-website@0.1.0 build
> next build

node.exe :  ⚠ 
Warning: Found 
multiple lockfiles. 
Selecting C:\Users\1a
lph\package-lock.json
.
At C:\Program Files\n
odejs\npm.ps1:29 
char:3
+   & $NODE_EXE 
$NPM_CLI_JS $args
+   ~~~~~~~~~~~~~~~~~
~~~~~~~~~~~~
    + CategoryInfo   
           : NotSpe  
  cified: ( ⚠ Warn   
 ing: Fou...kage-    
lock.json.:Strin    
g) [], RemoteExc    
eption
    + FullyQualified 
   ErrorId : Native  
  CommandError
 
   Consider removing 
the lockfiles at:
   * C:\Users\1alph\O
neDrive\Documents\ada
m james website\packa
ge-lock.json

   ▲ Next.js 15.4.6
   - Experiments (use with caution):
     ✓ optimizeCss
     · optimizePackageImports

   Creating an optimized production build ...
 ⚠ Compiled with 
warnings in 3.0s

./components/seo/inde
x.ts
export 'AdamJamesTuls
aLocalBusiness' 
(reexported as 'AdamJ
amesTulsaLocalBusines
s') was not found in 
'./LocalBusinessSchem
a' (possible 
exports: 
LocalBusinessSchema, 
adamJamesBusinessData
)

Import trace for 
requested module:
./components/seo/inde
x.ts
./app/businesses/page
.tsx

./components/seo/inde
x.ts
export 'default' 
(reexported as 'Local
BusinessSchema') was 
not found in './Local
BusinessSchema' 
(possible exports: 
LocalBusinessSchema, 
adamJamesBusinessData
)

Import trace for 
requested module:
./components/seo/inde
x.ts
./app/businesses/page
.tsx

 ✓ Compiled successfully in 6.0s
   Linting and checking validity of types ...

Failed to compile.

./app/layout-complex.
tsx
108:9  Warning: 
`rel="preconnect"` 
is missing from 
Google Font. See: htt
ps://nextjs.org/docs/
messages/google-font-
preconnect  @next/nex
t/google-font-preconn
ect

./app/layout-simple.t
sx
79:19  Error: Do not 
use an `<a>` element 
to navigate to `/`. 
Use `<Link />` from 
`next/link` instead. 
See: https://nextjs.o
rg/docs/messages/no-h
tml-link-for-pages  @
next/next/no-html-lin
k-for-pages

./app/page.tsx
321:23  Warning: 
Using `<img>` could 
result in slower LCP 
and higher 
bandwidth. Consider 
using `<Image />` 
from `next/image` or 
a custom image 
loader to 
automatically 
optimize images. 
This may incur 
additional usage or 
cost from your 
provider. See: https:
//nextjs.org/docs/mes
sages/no-img-element 
 @next/next/no-img-el
ement

./components/social/F
acebookPixel.tsx
43:9  Warning: Using 
`<img>` could result 
in slower LCP and 
higher bandwidth. 
Consider using 
`<Image />` from 
`next/image` or a 
custom image loader 
to automatically 
optimize images. 
This may incur 
additional usage or 
cost from your 
provider. See: https:
//nextjs.org/docs/mes
sages/no-img-element 
 @next/next/no-img-el
ement

./lib/integrations/an
alytics.ts
330:1  Warning: 
Assign object to a 
variable before 
exporting as module 
default  import/no-an
onymous-default-expor
t

./lib/integrations/go
ogle-maps.ts
303:13  Error: 
Parsing error: 
Invalid character.

./lib/integrations/in
dex.ts
81:1  Warning: 
Assign object to a 
variable before 
exporting as module 
default  import/no-an
onymous-default-expor
t

./lib/integrations/mo
nitoring.ts
511:1  Warning: 
Assign object to a 
variable before 
exporting as module 
default  import/no-an
onymous-default-expor
t

info  - Need to 
disable some ESLint 
rules? Learn more 
here: https://nextjs.
org/docs/app/api-refe
rence/config/eslint#d
isabling-rules
